✅ Bot is online as Architect AI#6521
Loaded role views for ! Rixhy's server
Could not load data for ! Rixhy's server: 'Bot' object has no attribute 'rules_cache'
Loaded role views for Classic Cracks
Could not load data for Classic Cracks: 'Bot' object has no attribute 'rules_cache'
Loaded role views for GIDDY🕊's server
Could not load data for GIDDY🕊's server: 'Bot' object has no attribute 'rules_cache'
Loaded role views for Architect Ai Official
Could not load data for Architect Ai Official: 'Bot' object has no attribute 'automod_cache'
Loaded role views for Reapers of Asia
Could not load data for Reapers of Asia: 'Bot' object has no attribute 'rules_cache'
Loaded role views for Raven
Could not load data for Raven: 'Bot' object has no attribute 'rules_cache'
Loaded role views for Jod ki Duniya
Could not load data for Jod ki Duniya: 'Bot' object has no attribute 'rules_cache'
Loaded role views for TradersCompanion
Could not load data for TradersCompanion: 'Bot' object has no attribute 'rules_cache'
Loaded role views for XmasCasino (50M Giveaway RN)
Could not load data for XmasCasino (50M Giveaway RN): 'Bot' object has no attribute 'rules_cache'
Loaded role views for Polygot
Could not load data for Polygot: 'Bot' object has no attribute 'rules_cache'
Loaded role views for Gooner's Realm
Could not load data for Gooner's Realm: 'Bot' object has no attribute 'automod_cache'
Loaded role views for Diss Warz
Could not load data for Diss Warz: 'Bot' object has no attribute 'rules_cache'
✅ MongoDB connected successfully
✅ Loaded member role ID: 1488854543222702081
✅ Loaded stats category ID: 1488854888644608070
✅ All systems ready!
Loaded role views for Cryogen's server
Loaded role views for BKS
